error TS2688: Cannot find type definition file for 'bcryptjs'.
  The file is in the program because:
    Entry point for implicit type library 'bcryptjs'
error TS2688: Cannot find type definition file for 'd3-array'.
  The file is in the program because:
    Entry point for implicit type library 'd3-array'
error TS2688: Cannot find type definition file for 'd3-color'.
  The file is in the program because:
    Entry point for implicit type library 'd3-color'
error TS2688: Cannot find type definition file for 'd3-ease'.
  The file is in the program because:
    Entry point for implicit type library 'd3-ease'
error TS2688: Cannot find type definition file for 'd3-interpolate'.
  The file is in the program because:
    Entry point for implicit type library 'd3-interpolate'
error TS2688: Cannot find type definition file for 'd3-path'.
  The file is in the program because:
    Entry point for implicit type library 'd3-path'
error TS2688: Cannot find type definition file for 'd3-scale'.
  The file is in the program because:
    Entry point for implicit type library 'd3-scale'
error TS2688: Cannot find type definition file for 'd3-shape'.
  The file is in the program because:
    Entry point for implicit type library 'd3-shape'
error TS2688: Cannot find type definition file for 'd3-time'.
  The file is in the program because:
    Entry point for implicit type library 'd3-time'
error TS2688: Cannot find type definition file for 'd3-timer'.
  The file is in the program because:
    Entry point for implicit type library 'd3-timer'
error TS2688: Cannot find type definition file for 'draco3d'.
  The file is in the program because:
    Entry point for implicit type library 'draco3d'
error TS2688: Cannot find type definition file for 'jsonwebtoken'.
  The file is in the program because:
    Entry point for implicit type library 'jsonwebtoken'
error TS2688: Cannot find type definition file for 'ms'.
  The file is in the program because:
    Entry point for implicit type library 'ms'
error TS2688: Cannot find type definition file for 'node'.
  The file is in the program because:
    Entry point for implicit type library 'node'
error TS2688: Cannot find type definition file for 'offscreencanvas'.
  The file is in the program because:
    Entry point for implicit type library 'offscreencanvas'
error TS2688: Cannot find type definition file for 'react'.
  The file is in the program because:
    Entry point for implicit type library 'react'
error TS2688: Cannot find type definition file for 'react-dom'.
  The file is in the program because:
    Entry point for implicit type library 'react-dom'
error TS2688: Cannot find type definition file for 'react-reconciler'.
  The file is in the program because:
    Entry point for implicit type library 'react-reconciler'
error TS2688: Cannot find type definition file for 'stats.js'.
  The file is in the program because:
    Entry point for implicit type library 'stats.js'
error TS2688: Cannot find type definition file for 'three'.
  The file is in the program because:
    Entry point for implicit type library 'three'
error TS2688: Cannot find type definition file for 'use-sync-external-store'.
  The file is in the program because:
    Entry point for implicit type library 'use-sync-external-store'
error TS2688: Cannot find type definition file for 'validate-npm-package-name'.
  The file is in the program because:
    Entry point for implicit type library 'validate-npm-package-name'
error TS2688: Cannot find type definition file for 'webidl-conversions'.
  The file is in the program because:
    Entry point for implicit type library 'webidl-conversions'
error TS2688: Cannot find type definition file for 'webxr'.
  The file is in the program because:
    Entry point for implicit type library 'webxr'
error TS2688: Cannot find type definition file for 'whatwg-url'.
  The file is in the program because:
    Entry point for implicit type library 'whatwg-url'
